MPLINK 4.49, Linker
Linker Map File - Created Sun Nov 15 00:19:20 2020

                                 Section Info
                  Section       Type    Address   Location Size(Bytes)
                ---------  ---------  ---------  ---------  ---------
                   .org_0       code   0x000000    program   0x000000
                   .org_1       code   0x000000    program   0x000004
                   .org_2       code   0x000008    program   0x000002
                   .org_3       code   0x000018    program   0x00001a



                              Program Memory Usage 
                               Start         End      
                           ---------   ---------      
                            0x000000    0x000003      
                            0x000008    0x000009      
                            0x000018    0x000031      
            32 out of 33048 program addresses used, program memory utilization is 0%



                              Symbols - Sorted by Name
                     Name    Address   Location    Storage File                     
                ---------  ---------  ---------  --------- ---------                
                  exit_lp   0x00002e    program     static C:\Users\ADMIN\OneDrive\Desktop\quiz 5.asm
                     loop   0x00001e    program     static C:\Users\ADMIN\OneDrive\Desktop\quiz 5.asm
                    start   0x00001a    program     static C:\Users\ADMIN\OneDrive\Desktop\quiz 5.asm
                   sum_lp   0x000026    program     static C:\Users\ADMIN\OneDrive\Desktop\quiz 5.asm



                              Symbols - Sorted by Address
                     Name    Address   Location    Storage File                     
                ---------  ---------  ---------  --------- ---------                
                    start   0x00001a    program     static C:\Users\ADMIN\OneDrive\Desktop\quiz 5.asm
                     loop   0x00001e    program     static C:\Users\ADMIN\OneDrive\Desktop\quiz 5.asm
                   sum_lp   0x000026    program     static C:\Users\ADMIN\OneDrive\Desktop\quiz 5.asm
                  exit_lp   0x00002e    program     static C:\Users\ADMIN\OneDrive\Desktop\quiz 5.asm


